/Users/xiaolonghuang/STM32CubeIDE/workspace_1.19.0/PWR_CurrentConsumption/Src/main.c:95:13:FIR_Init	4
/Users/xiaolonghuang/STM32CubeIDE/workspace_1.19.0/PWR_CurrentConsumption/Src/main.c:116:6:FIR_Apply	4
/Users/xiaolonghuang/STM32CubeIDE/workspace_1.19.0/PWR_CurrentConsumption/Src/main.c:150:13:FFT_InitTwiddles	2
/Users/xiaolonghuang/STM32CubeIDE/workspace_1.19.0/PWR_CurrentConsumption/Src/main.c:161:17:bit_reverse	2
/Users/xiaolonghuang/STM32CubeIDE/workspace_1.19.0/PWR_CurrentConsumption/Src/main.c:173:6:FFT_Compute	6
/Users/xiaolonghuang/STM32CubeIDE/workspace_1.19.0/PWR_CurrentConsumption/Src/main.c:238:6:SimpleKalmanFilter_Init	1
/Users/xiaolonghuang/STM32CubeIDE/workspace_1.19.0/PWR_CurrentConsumption/Src/main.c:251:7:SimpleKalmanFilter_UpdateEstimate	1
/Users/xiaolonghuang/STM32CubeIDE/workspace_1.19.0/PWR_CurrentConsumption/Src/main.c:267:6:SimpleKalmanFilter_SetMeasurementError	1
/Users/xiaolonghuang/STM32CubeIDE/workspace_1.19.0/PWR_CurrentConsumption/Src/main.c:272:6:SimpleKalmanFilter_SetEstimateError	1
/Users/xiaolonghuang/STM32CubeIDE/workspace_1.19.0/PWR_CurrentConsumption/Src/main.c:277:6:SimpleKalmanFilter_SetProcessNoise	1
/Users/xiaolonghuang/STM32CubeIDE/workspace_1.19.0/PWR_CurrentConsumption/Src/main.c:282:7:SimpleKalmanFilter_GetKalmanGain	1
/Users/xiaolonghuang/STM32CubeIDE/workspace_1.19.0/PWR_CurrentConsumption/Src/main.c:287:7:SimpleKalmanFilter_GetEstimateError	1
/Users/xiaolonghuang/STM32CubeIDE/workspace_1.19.0/PWR_CurrentConsumption/Src/main.c:292:5:main	3
/Users/xiaolonghuang/STM32CubeIDE/workspace_1.19.0/PWR_CurrentConsumption/Src/main.c:406:6:SystemClock_Config	3
/Users/xiaolonghuang/STM32CubeIDE/workspace_1.19.0/PWR_CurrentConsumption/Src/main.c:448:6:SystemClock_Config_HighPerf	3
/Users/xiaolonghuang/STM32CubeIDE/workspace_1.19.0/PWR_CurrentConsumption/Src/main.c:483:6:SystemClock_Config_LowPower	3
/Users/xiaolonghuang/STM32CubeIDE/workspace_1.19.0/PWR_CurrentConsumption/Src/main.c:514:6:SwitchToHighPerf	1
/Users/xiaolonghuang/STM32CubeIDE/workspace_1.19.0/PWR_CurrentConsumption/Src/main.c:525:6:SwitchToLowPower	1
/Users/xiaolonghuang/STM32CubeIDE/workspace_1.19.0/PWR_CurrentConsumption/Src/main.c:539:13:MX_RTC_Init	2
/Users/xiaolonghuang/STM32CubeIDE/workspace_1.19.0/PWR_CurrentConsumption/Src/main.c:579:6:SystemClock_Decrease	3
/Users/xiaolonghuang/STM32CubeIDE/workspace_1.19.0/PWR_CurrentConsumption/Src/main.c:610:6:HAL_SYSTICK_Callback	1
/Users/xiaolonghuang/STM32CubeIDE/workspace_1.19.0/PWR_CurrentConsumption/Src/main.c:620:6:HAL_RTCEx_WakeUpTimerEventCallback	1
/Users/xiaolonghuang/STM32CubeIDE/workspace_1.19.0/PWR_CurrentConsumption/Src/main.c:635:6:HAL_GPIO_EXTI_Callback	2
/Users/xiaolonghuang/STM32CubeIDE/workspace_1.19.0/PWR_CurrentConsumption/Src/main.c:648:6:Error_Handler	1
