/Users/xiaolonghuang/STM32CubeIDE/workspace_1.19.0/PWR_CurrentConsumption/Src/main.c:95:13:FIR_Init	32	static
/Users/xiaolonghuang/STM32CubeIDE/workspace_1.19.0/PWR_CurrentConsumption/Src/main.c:116:6:FIR_Apply	40	static
/Users/xiaolonghuang/STM32CubeIDE/workspace_1.19.0/PWR_CurrentConsumption/Src/main.c:150:13:FFT_InitTwiddles	16	static
/Users/xiaolonghuang/STM32CubeIDE/workspace_1.19.0/PWR_CurrentConsumption/Src/main.c:161:17:bit_reverse	24	static
/Users/xiaolonghuang/STM32CubeIDE/workspace_1.19.0/PWR_CurrentConsumption/Src/main.c:173:6:FFT_Compute	80	static
/Users/xiaolonghuang/STM32CubeIDE/workspace_1.19.0/PWR_CurrentConsumption/Src/main.c:238:6:SimpleKalmanFilter_Init	24	static
/Users/xiaolonghuang/STM32CubeIDE/workspace_1.19.0/PWR_CurrentConsumption/Src/main.c:251:7:SimpleKalmanFilter_UpdateEstimate	16	static
/Users/xiaolonghuang/STM32CubeIDE/workspace_1.19.0/PWR_CurrentConsumption/Src/main.c:267:6:SimpleKalmanFilter_SetMeasurementError	16	static
/Users/xiaolonghuang/STM32CubeIDE/workspace_1.19.0/PWR_CurrentConsumption/Src/main.c:272:6:SimpleKalmanFilter_SetEstimateError	16	static
/Users/xiaolonghuang/STM32CubeIDE/workspace_1.19.0/PWR_CurrentConsumption/Src/main.c:277:6:SimpleKalmanFilter_SetProcessNoise	16	static
/Users/xiaolonghuang/STM32CubeIDE/workspace_1.19.0/PWR_CurrentConsumption/Src/main.c:282:7:SimpleKalmanFilter_GetKalmanGain	16	static
/Users/xiaolonghuang/STM32CubeIDE/workspace_1.19.0/PWR_CurrentConsumption/Src/main.c:287:7:SimpleKalmanFilter_GetEstimateError	16	static
/Users/xiaolonghuang/STM32CubeIDE/workspace_1.19.0/PWR_CurrentConsumption/Src/main.c:292:5:main	56	static,ignoring_inline_asm
/Users/xiaolonghuang/STM32CubeIDE/workspace_1.19.0/PWR_CurrentConsumption/Src/main.c:406:6:SystemClock_Config	88	static
/Users/xiaolonghuang/STM32CubeIDE/workspace_1.19.0/PWR_CurrentConsumption/Src/main.c:448:6:SystemClock_Config_HighPerf	88	static
/Users/xiaolonghuang/STM32CubeIDE/workspace_1.19.0/PWR_CurrentConsumption/Src/main.c:483:6:SystemClock_Config_LowPower	88	static
/Users/xiaolonghuang/STM32CubeIDE/workspace_1.19.0/PWR_CurrentConsumption/Src/main.c:514:6:SwitchToHighPerf	8	static
/Users/xiaolonghuang/STM32CubeIDE/workspace_1.19.0/PWR_CurrentConsumption/Src/main.c:525:6:SwitchToLowPower	8	static
/Users/xiaolonghuang/STM32CubeIDE/workspace_1.19.0/PWR_CurrentConsumption/Src/main.c:539:13:MX_RTC_Init	8	static
/Users/xiaolonghuang/STM32CubeIDE/workspace_1.19.0/PWR_CurrentConsumption/Src/main.c:579:6:SystemClock_Decrease	88	static
/Users/xiaolonghuang/STM32CubeIDE/workspace_1.19.0/PWR_CurrentConsumption/Src/main.c:610:6:HAL_SYSTICK_Callback	8	static
/Users/xiaolonghuang/STM32CubeIDE/workspace_1.19.0/PWR_CurrentConsumption/Src/main.c:620:6:HAL_RTCEx_WakeUpTimerEventCallback	16	static
/Users/xiaolonghuang/STM32CubeIDE/workspace_1.19.0/PWR_CurrentConsumption/Src/main.c:635:6:HAL_GPIO_EXTI_Callback	16	static
/Users/xiaolonghuang/STM32CubeIDE/workspace_1.19.0/PWR_CurrentConsumption/Src/main.c:648:6:Error_Handler	8	static
