/Users/xiaolonghuang/STM32CubeIDE/workspace_1.19.0/PWR_CurrentConsumption/Src/stm32g4xx_lp_modes.c:61:6:SleepMode_Measure	56	static
/Users/xiaolonghuang/STM32CubeIDE/workspace_1.19.0/PWR_CurrentConsumption/Src/stm32g4xx_lp_modes.c:133:6:StopMode_Measure	56	static
/Users/xiaolonghuang/STM32CubeIDE/workspace_1.19.0/PWR_CurrentConsumption/Src/stm32g4xx_lp_modes.c:200:6:StopRTCMode_Measure	56	static
/Users/xiaolonghuang/STM32CubeIDE/workspace_1.19.0/PWR_CurrentConsumption/Src/stm32g4xx_lp_modes.c:299:6:StandbyMode_Measure	16	static
/Users/xiaolonghuang/STM32CubeIDE/workspace_1.19.0/PWR_CurrentConsumption/Src/stm32g4xx_lp_modes.c:345:6:StandbyRTCMode_Measure	8	static
